<html>
<body>
<pre>
<h1>µVision Build Log</h1>
<h2>Tool Versions:</h2>
IDE-Version: µVision V5.27.1.0
Copyright (C) 2019 ARM Ltd and ARM Germany GmbH. All rights reserved.
License Information: Amira Ayman, 00, LIC=----
 
Tool Versions:
Toolchain:       MDK-Lite  Version: 5.29.0.0
Toolchain Path:  C:\Keil_v5\ARM\ARMCC\Bin
C Compiler:      Armcc.exe V5.06 update 6 (build 750)
Assembler:       Armasm.exe V5.06 update 6 (build 750)
Linker/Locator:  ArmLink.exe V5.06 update 6 (build 750)
Library Manager: ArmAr.exe V5.06 update 6 (build 750)
Hex Converter:   FromElf.exe V5.06 update 6 (build 750)
CPU DLL:         SARMCM3.DLL V5.29.0.0
Dialog DLL:      DCM.DLL V1.17.3.0
    Target DLL: lmidk-agdi.dll
Dialog DLL:      TCM.DLL V1.36.5.0
 
<h2>Project:</h2>
C:\Keil_v5\Labware\Lab15_SpaceInvaders\SpaceInvaders.uvproj
Project File Date:  03/28/2020

<h2>Output:</h2>
*** Using Compiler 'V5.06 update 6 (build 750)', folder: 'C:\Keil_v5\ARM\ARMCC\Bin'
Rebuild target 'SpaceInvaders'
assembling startup.s...
assembling random.s...
compiling Nokia5110.c...
compiling TExaS.c...
compiling SpaceInvaders.c...
SpaceInvaders.c(187): warning:  #61-D: integer operation result is out of range
    time = 100*727240*200/91;  // 0.1sec
SpaceInvaders.c: 1 warning, 0 errors
linking...
Program Size: Code=5792 RO-data=3484 RW-data=92 ZI-data=1716  
".\SpaceInvaders.axf" - 0 Error(s), 1 Warning(s).
Build Time Elapsed:  00:00:01
</pre>
</body>
</html>
